// Jest Snapshot v1, https://goo.gl/fbAQLP

exports[`NotFoundPage renders correctly 1`] = `
Array [
  <style
    dangerouslySetInnerHTML={
      Object {
        "__html": ".css-i2fnqt-Header{--bg-opacity:1;background-color:rgba(128,90,213,var(--bg-opacity));margin-bottom:1.5rem;}",
      }
    }
    data-emotion-css="i2fnqt-Header"
  />,
  <header
    className="css-i2fnqt-Header e1qr1m9j0"
  >
    <div
      className="headerContainer"
    >
      <a
        className="headerLink"
        href="/"
      >
        Gatsby Default Starter
      </a>
    </div>
  </header>,
  <div
    className="layoutContainer"
  >
    <main>
      <style
        dangerouslySetInnerHTML={
          Object {
            "__html": ".css-ewljzu-Header{font-size:3rem;font-weight:700;}",
          }
        }
        data-emotion-css="ewljzu-Header"
      />
      <h1
        className="css-ewljzu-Header ejw55930"
      >
        NOT FOUND
      </h1>
      <style
        dangerouslySetInnerHTML={
          Object {
            "__html": ".css-1pkr621-Text{margin-top:1.5rem;font-size:1.25rem;}",
          }
        }
        data-emotion-css="1pkr621-Text"
      />
      <p
        className="css-1pkr621-Text ejw55931"
      >
        You just hit a route that doesn't exist... the sadness.
      </p>
    </main>
    <footer>
      Â© 
      2020
      , Built with
       
      <a
        href="https://www.gatsbyjs.org"
      >
        Gatsby
      </a>
    </footer>
  </div>,
]
`;
