// Jest Snapshot v1, https://goo.gl/fbAQLP

exports[`SecondPage renders correctly 1`] = `
Array [
  <style
    dangerouslySetInnerHTML={
      Object {
        "__html": ".css-i2fnqt-Header{--bg-opacity:1;background-color:rgba(128,90,213,var(--bg-opacity));margin-bottom:1.5rem;}",
      }
    }
    data-emotion-css="i2fnqt-Header"
  />,
  <header
    className="css-i2fnqt-Header e1qr1m9j0"
  >
    <div
      className="headerContainer"
    >
      <a
        className="headerLink"
        href="/"
      >
        Gatsby Default Starter
      </a>
    </div>
  </header>,
  <div
    className="layoutContainer"
  >
    <main>
      <h1>
        Hi from the second page
      </h1>
      <p>
        Welcome to page 2
      </p>
      <a
        href="/"
      >
        Go back to the homepage
      </a>
    </main>
    <footer>
      Â© 
      2020
      , Built with
       
      <a
        href="https://www.gatsbyjs.org"
      >
        Gatsby
      </a>
    </footer>
  </div>,
]
`;
