// Jest Snapshot v1, https://goo.gl/fbAQLP

exports[`NotFoundPage renders correctly 1`] = `
Array [
  <style
    dangerouslySetInnerHTML={
      Object {
        "__html": ".css-1pcnel4-Header{background:rebeccapurple;margin-bottom:1.45rem;}",
      }
    }
    data-emotion-css="1pcnel4-Header"
  />,
  <header
    className="css-1pcnel4-Header e1qr1m9j0"
  >
    <style
      dangerouslySetInnerHTML={
        Object {
          "__html": ".css-pf9rd5-Container{margin:0 auto;max-width:960;padding:1.45rem 1.0875rem;}",
        }
      }
      data-emotion-css="pf9rd5-Container"
    />
    <div
      className="css-pf9rd5-Container e1qr1m9j1"
    >
      <style
        dangerouslySetInnerHTML={
          Object {
            "__html": ".css-1ikcnub-H1{margin:0;}",
          }
        }
        data-emotion-css="1ikcnub-H1"
      />
      <h1
        className="css-1ikcnub-H1 e1qr1m9j2"
      >
        <style
          dangerouslySetInnerHTML={
            Object {
              "__html": ".css-rkbe0q-StyledLink{color:white;-webkit-text-decoration:none;text-decoration:none;}",
            }
          }
          data-emotion-css="rkbe0q-StyledLink"
        />
        <a
          className="css-rkbe0q-StyledLink e1qr1m9j3"
          href="/"
        >
          Gatsby Default Starter
        </a>
      </h1>
    </div>
  </header>,
  <style
    dangerouslySetInnerHTML={
      Object {
        "__html": ".css-15zhpu-Container{margin:0 auto;max-width:960;padding:0 1.0875rem 1.45rem;}",
      }
    }
    data-emotion-css="15zhpu-Container"
  />,
  <div
    className="css-15zhpu-Container e9jw82o0"
  >
    <main>
      <h1>
        Gatsby supports TypeScript by default!
      </h1>
      <p>
        This means that you can create and write 
        <em>
          .ts/.tsx
        </em>
         files for your pages, components etc. Please note that the 
        <em>
          gatsby-*.js
        </em>
         files (like gatsby-node.js) currently don't support TypeScript yet.
      </p>
      <p>
        For type checking you'll want to install 
        <em>
          typescript
        </em>
         via npm and run 
        <em>
          tsc --init
        </em>
         to create a 
        <em>
          .tsconfig
        </em>
         file.
      </p>
      <p>
        You're currently on the page "
        /path
        " which was built on
         
        2020-06-04T09:48:20.000Z
        .
      </p>
      <p>
        To learn more, head over to our
         
        <a
          href="https://www.gatsbyjs.org/docs/typescript/"
        >
          documentation about TypeScript
        </a>
        .
      </p>
      <a
        href="/"
      >
        Go back to the homepage
      </a>
    </main>
    <footer>
      Â© 
      2020
      , Built with
       
      <a
        href="https://www.gatsbyjs.org"
      >
        Gatsby
      </a>
    </footer>
  </div>,
]
`;
